airshipctl:   version.Info{GitVersion:"devel", GitCommit:"", BuildDate:""}
