Get the status of a phase such as ephemeral-control-plane, target-initinfra etc...
To list the phases associated with a site, run 'airshipctl phase list'.

Usage:
  status PHASE_NAME [flags]

Examples:

Status of initinfra phase
# airshipctl phase status ephemeral-control-plane


Flags:
  -h, --help   help for status
