Command line utility for management of end-to-end kubernetes cluster deployment.

  Find more information at: https://docs.airshipit.org/airshipctl/

Usage:
  airshipctl [command]

Available Commands:
  baremetal   Airshipctl command to manage bare metal host(s)
  help        Help about any command

Flags:
      --airshipconf string   path to the airshipctl configuration file. Defaults to "$HOME/.airship/config"
      --debug                enable verbose output
  -h, --help                 help for airshipctl

Use "airshipctl [command] --help" for more information about a command.
