contexts:
  ContextBaz:
    managementConfiguration: ""
    manifest: Manifest_ContextBaz
