contexts:
  ContextBar:
    managementConfiguration: ""
    manifest: Manifest_ContextBar
