contexts:
  ContextFoo:
    managementConfiguration: ""
    manifest: Manifest_ContextFoo
