Validates phase and its documents. To list the phases associated with a site, run 'airshipctl phase list'.

Usage:
  validate PHASE_NAME [flags]

Examples:

To validate initinfra phase
# airshipctl phase validate initinfra


Flags:
  -h, --help   help for validate
